import android.app.Activity
import android.content.Intent
import android.os.SystemClock
import android.view.View
import androidx.test.core.app.ActivityScenario
import androidx.test.espresso.Espresso.onView
import androidx.test.espresso.Espresso.pressBack
import androidx.test.espresso.PerformException
import androidx.test.espresso.UiController
import androidx.test.espresso.ViewAction
import androidx.test.espresso.action.ViewActions.click
import androidx.test.espresso.action.ViewActions.replaceText
import androidx.test.espresso.action.ViewActions.swipeDown
import androidx.test.espresso.action.ViewActions.swipeLeft
import androidx.test.espresso.action.ViewActions.swipeRight
import androidx.test.espresso.action.ViewActions.swipeUp
import androidx.test.espresso.assertion.ViewAssertions.matches
import androidx.test.espresso.matcher.ViewMatchers.hasFocus
import androidx.test.espresso.matcher.ViewMatchers.isDisplayed
import androidx.test.espresso.matcher.ViewMatchers.isRoot
import androidx.test.espresso.matcher.ViewMatchers.withContentDescription
import androidx.test.espresso.matcher.ViewMatchers.withText
import androidx.test.ext.junit.runners.AndroidJUnit4
import androidx.test.platform.app.InstrumentationRegistry
import androidx.test.espresso.util.HumanReadables
import androidx.test.espresso.util.TreeIterables
import org.hamcrest.Description
import org.hamcrest.Matcher
import org.hamcrest.Matchers.containsString
import org.hamcrest.Matchers.anyOf
import org.hamcrest.TypeSafeMatcher
import org.junit.Test
import org.junit.runner.RunWith
import java.util.concurrent.TimeoutException

/**
 * Generated by amoo from the Studio test "Sign In Flow". Edit freely — this file has no
 * dependency on amoo or the companion apps once generated.
 */
@RunWith(AndroidJUnit4::class)
class SignInFlowTest {
    // Fallback for companion-reported resource names: generated code has no compile-time R.id
    // reference, so this matches on the runtime resource entry name. Recorded IDs also check
    // content descriptions because the companion uses those as IDs when available.
    private fun hasResourceEntryName(name: String): Matcher<View> {
        return object : TypeSafeMatcher<View>() {
            override fun describeTo(description: Description) {
                description.appendText("with resource entry name: ").appendValue(name)
            }

            override fun matchesSafely(view: View): Boolean {
                if (view.id == View.NO_ID) return false
                return try {
                    view.resources.getResourceEntryName(view.id) == name
                } catch (error: Exception) {
                    false
                }
            }
        }
    }

    private fun waitUntilDisplayed(matcher: Matcher<View>, timeoutMillis: Long): ViewAction =
        waitUntil(matcher, timeoutMillis, shouldBeDisplayed = true)

    private fun waitUntilNotDisplayed(matcher: Matcher<View>, timeoutMillis: Long): ViewAction =
        waitUntil(matcher, timeoutMillis, shouldBeDisplayed = false)

    private fun waitUntil(
        matcher: Matcher<View>,
        timeoutMillis: Long,
        shouldBeDisplayed: Boolean
    ): ViewAction {
        return object : ViewAction {
            override fun getConstraints(): Matcher<View> = isRoot()

            override fun getDescription(): String = if (shouldBeDisplayed) {
                "wait up to ${timeoutMillis}ms for a displayed view matching $matcher"
            } else {
                "wait up to ${timeoutMillis}ms for no displayed view matching $matcher"
            }

            override fun perform(uiController: UiController, root: View) {
                val deadline = SystemClock.uptimeMillis() + timeoutMillis
                do {
                    uiController.loopMainThreadUntilIdle()
                    val displayedMatchExists = TreeIterables.breadthFirstViewTraversal(root).any { view ->
                        matcher.matches(view) && isDisplayed().matches(view)
                    }
                    if (displayedMatchExists == shouldBeDisplayed) return
                    uiController.loopMainThreadForAtLeast(50)
                } while (SystemClock.uptimeMillis() < deadline)

                throw PerformException.Builder()
                    .withActionDescription(description)
                    .withViewDescription(HumanReadables.describe(root))
                    .withCause(TimeoutException(description))
                    .build()
            }
        }
    }

    @Test
    fun signInFlow() {
        val targetContext = InstrumentationRegistry.getInstrumentation().targetContext
        val launchIntent = requireNotNull(
            targetContext.packageManager.getLaunchIntentForPackage(targetContext.packageName)
        ) { "No launcher activity found for ${targetContext.packageName}" }
        launchIntent.addFlags(Intent.FLAG_ACTIVITY_CLEAR_TASK)

        ActivityScenario.launch<Activity>(launchIntent).use {
            onView(isRoot()).perform(waitUntilDisplayed(anyOf(hasResourceEntryName("email-field"), withContentDescription("email-field")), 5000L))
            onView(anyOf(hasResourceEntryName("email-field"), withContentDescription("email-field"))).perform(click())
            onView(isRoot()).perform(waitUntilDisplayed(anyOf(hasResourceEntryName("email-field"), withContentDescription("email-field")), 5000L))
            onView(anyOf(hasResourceEntryName("email-field"), withContentDescription("email-field"))).perform(replaceText("user@example.com"))
            onView(isRoot()).perform(waitUntilDisplayed(anyOf(hasResourceEntryName("sign-in-button"), withContentDescription("sign-in-button")), 5000L))
            onView(anyOf(hasResourceEntryName("sign-in-button"), withContentDescription("sign-in-button"))).perform(click())
            onView(isRoot()).perform(waitUntilDisplayed(anyOf(withText("Welcome"), withContentDescription("Welcome")), 5000L))
            onView(anyOf(withText("Welcome"), withContentDescription("Welcome"))).check(matches(isDisplayed()))
        }
    }
}